162.158.94.202 - - [27/Sep/2024:05:18:00 +0000] "GET /api/users/static/admin/js/nav_sidebar.js HTTP/1.1" 200 3401 "https://lastdance.com.tr/admin/user/chatrooms/" "Mozilla/5.0 (Macintosh; Intel Mac OS X 10_15_7) AppleWebKit/537.36 (KHTML, like Gecko) Chrome/119.0.0.0 Safari/537.36"
172.70.243.192 - - [27/Sep/2024:05:18:00 +0000] "GET /api/users/static/admin/img/tooltag-add.svg HTTP/1.1" 200 331 "https://lastdance.com.tr/api/users/static/admin/css/base.css" "Mozilla/5.0 (Macintosh; Intel Mac OS X 10_15_7) AppleWebKit/537.36 (KHTML, like Gecko) Chrome/119.0.0.0 Safari/537.36"
162.158.87.212 - - [27/Sep/2024:05:18:00 +0000] "GET /api/users/static/admin/fonts/Roboto-Light-webfont.woff HTTP/1.1" 200 85692 "https://lastdance.com.tr/api/users/static/admin/css/fonts.css" "Mozilla/5.0 (Macintosh; Intel Mac OS X 10_15_7) AppleWebKit/537.36 (KHTML, like Gecko) Chrome/119.0.0.0 Safari/537.36"
162.158.111.28 - - [27/Sep/2024:05:18:00 +0000] "GET /api/users/static/admin/fonts/Roboto-Regular-webfont.woff HTTP/1.1" 200 85876 "https://lastdance.com.tr/api/users/static/admin/css/fonts.css" "Mozilla/5.0 (Macintosh; Intel Mac OS X 10_15_7) AppleWebKit/537.36 (KHTML, like Gecko) Chrome/119.0.0.0 Safari/537.36"
172.70.246.137 - - [27/Sep/2024:05:18:00 +0000] "GET /api/users/static/admin/img/icon-addlink.svg HTTP/1.1" 200 331 "https://lastdance.com.tr/api/users/static/admin/css/base.css" "Mozilla/5.0 (Macintosh; Intel Mac OS X 10_15_7) AppleWebKit/537.36 (KHTML, like Gecko) Chrome/119.0.0.0 Safari/537.36"
162.158.111.28 - - [27/Sep/2024:05:18:00 +0000] "GET /api/users/static/admin/fonts/Roboto-Bold-webfont.woff HTTP/1.1" 200 86184 "https://lastdance.com.tr/api/users/static/admin/css/fonts.css" "Mozilla/5.0 (Macintosh; Intel Mac OS X 10_15_7) AppleWebKit/537.36 (KHTML, like Gecko) Chrome/119.0.0.0 Safari/537.36"
162.158.87.212 - - [27/Sep/2024:05:18:00 +0000] "GET /favicon.ico HTTP/1.1" 200 2102 "https://lastdance.com.tr/admin/user/chatrooms/" "Mozilla/5.0 (Macintosh; Intel Mac OS X 10_15_7) AppleWebKit/537.36 (KHTML, like Gecko) Chrome/119.0.0.0 Safari/537.36"
172.70.243.192 - - [27/Sep/2024:05:18:02 +0000] "GET /admin/user/chatrooms/1/change/ HTTP/1.1" 200 9130 "https://lastdance.com.tr/admin/user/chatrooms/" "Mozilla/5.0 (Macintosh; Intel Mac OS X 10_15_7) AppleWebKit/537.36 (KHTML, like Gecko) Chrome/119.0.0.0 Safari/537.36"
162.158.94.203 - - [27/Sep/2024:05:18:02 +0000] "GET /admin/jsi18n/ HTTP/1.1" 200 3343 "https://lastdance.com.tr/admin/user/chatrooms/1/change/" "Mozilla/5.0 (Macintosh; Intel Mac OS X 10_15_7) AppleWebKit/537.36 (KHTML, like Gecko) Chrome/119.0.0.0 Safari/537.36"
172.70.250.24 - - [27/Sep/2024:05:18:02 +0000] "GET /api/users/static/admin/css/forms.css HTTP/1.1" 304 0 "https://lastdance.com.tr/admin/user/chatrooms/1/change/" "Mozilla/5.0 (Macintosh; Intel Mac OS X 10_15_7) AppleWebKit/537.36 (KHTML, like Gecko) Chrome/119.0.0.0 Safari/537.36"
162.158.87.212 - - [27/Sep/2024:05:18:02 +0000] "GET /api/users/static/admin/js/prepopulate_init.js HTTP/1.1" 304 0 "https://lastdance.com.tr/admin/user/chatrooms/1/change/" "Mozilla/5.0 (Macintosh; Intel Mac OS X 10_15_7) AppleWebKit/537.36 (KHTML, like Gecko) Chrome/119.0.0.0 Safari/537.36"
172.70.246.136 - - [27/Sep/2024:05:18:02 +0000] "GET /api/users/static/admin/js/change_form.js HTTP/1.1" 304 0 "https://lastdance.com.tr/admin/user/chatrooms/1/change/" "Mozilla/5.0 (Macintosh; Intel Mac OS X 10_15_7) AppleWebKit/537.36 (KHTML, like Gecko) Chrome/119.0.0.0 Safari/537.36"
172.70.243.191 - - [27/Sep/2024:05:18:02 +0000] "GET /api/users/static/admin/css/widgets.css HTTP/1.1" 304 0 "https://lastdance.com.tr/api/users/static/admin/css/forms.css" "Mozilla/5.0 (Macintosh; Intel Mac OS X 10_15_7) AppleWebKit/537.36 (KHTML, like Gecko) Chrome/119.0.0.0 Safari/537.36"
162.158.87.212 - - [27/Sep/2024:05:18:06 +0000] "GET /admin/user/chatuserlist/ HTTP/1.1" 200 9135 "https://lastdance.com.tr/admin/user/chatrooms/1/change/" "Mozilla/5.0 (Macintosh; Intel Mac OS X 10_15_7) AppleWebKit/537.36 (KHTML, like Gecko) Chrome/119.0.0.0 Safari/537.36"
162.158.94.202 - - [27/Sep/2024:05:18:06 +0000] "GET /admin/jsi18n/ HTTP/1.1" 200 3343 "https://lastdance.com.tr/admin/user/chatuserlist/" "Mozilla/5.0 (Macintosh; Intel Mac OS X 10_15_7) AppleWebKit/537.36 (KHTML, like Gecko) Chrome/119.0.0.0 Safari/537.36"
45.155.91.226 - - [27/Sep/2024:05:18:07 +0000] "GET /level/15/exec/-/sh/run/CR HTTP/1.1" 200 2102 "-" "libwww-perl/6.67"
162.158.94.203 - - [27/Sep/2024:05:18:11 +0000] "GET /admin/user/chatuserlist/2/change/ HTTP/1.1" 200 10556 "https://lastdance.com.tr/admin/user/chatuserlist/" "Mozilla/5.0 (Macintosh; Intel Mac OS X 10_15_7) AppleWebKit/537.36 (KHTML, like Gecko) Chrome/119.0.0.0 Safari/537.36"
172.70.250.24 - - [27/Sep/2024:05:18:11 +0000] "GET /api/users/static/admin/img/icon-changelink.svg HTTP/1.1" 304 0 "https://lastdance.com.tr/admin/user/chatuserlist/2/change/" "Mozilla/5.0 (Macintosh; Intel Mac OS X 10_15_7) AppleWebKit/537.36 (KHTML, like Gecko) Chrome/119.0.0.0 Safari/537.36"
162.158.94.202 - - [27/Sep/2024:05:18:11 +0000] "GET /admin/jsi18n/ HTTP/1.1" 200 3343 "https://lastdance.com.tr/admin/user/chatuserlist/2/change/" "Mozilla/5.0 (Macintosh; Intel Mac OS X 10_15_7) AppleWebKit/537.36 (KHTML, like Gecko) Chrome/119.0.0.0 Safari/537.36"
162.158.94.222 - - [27/Sep/2024:05:18:41 +0000] "GET /admin/user/chatuserlist/2/change/ HTTP/1.1" 502 559 "https://lastdance.com.tr/admin/user/chatuserlist/" "Mozilla/5.0 (Macintosh; Intel Mac OS X 10_15_7) AppleWebKit/537.36 (KHTML, like Gecko) Chrome/119.0.0.0 Safari/537.36"
162.158.87.221 - - [27/Sep/2024:05:18:42 +0000] "GET /favicon.ico HTTP/1.1" 200 2102 "https://lastdance.com.tr/admin/user/chatuserlist/2/change/" "Mozilla/5.0 (Macintosh; Intel Mac OS X 10_15_7) AppleWebKit/537.36 (KHTML, like Gecko) Chrome/119.0.0.0 Safari/537.36"
162.158.94.222 - - [27/Sep/2024:05:18:42 +0000] "GET /admin/user/chatuserlist/2/change/ HTTP/1.1" 502 559 "https://lastdance.com.tr/admin/user/chatuserlist/" "Mozilla/5.0 (Macintosh; Intel Mac OS X 10_15_7) AppleWebKit/537.36 (KHTML, like Gecko) Chrome/119.0.0.0 Safari/537.36"
162.158.87.221 - - [27/Sep/2024:05:18:43 +0000] "GET /favicon.ico HTTP/1.1" 200 2102 "https://lastdance.com.tr/admin/user/chatuserlist/2/change/" "Mozilla/5.0 (Macintosh; Intel Mac OS X 10_15_7) AppleWebKit/537.36 (KHTML, like Gecko) Chrome/119.0.0.0 Safari/537.36"
162.158.94.222 - - [27/Sep/2024:05:18:43 +0000] "GET /admin/user/chatuserlist/2/change/ HTTP/1.1" 200 10526 "https://lastdance.com.tr/admin/user/chatuserlist/" "Mozilla/5.0 (Macintosh; Intel Mac OS X 10_15_7) AppleWebKit/537.36 (KHTML, like Gecko) Chrome/119.0.0.0 Safari/537.36"
162.158.94.222 - - [27/Sep/2024:05:18:43 +0000] "GET /api/users/static/admin/css/nav_sidebar.css HTTP/1.1" 200 2616 "https://lastdance.com.tr/admin/user/chatuserlist/2/change/" "Mozilla/5.0 (Macintosh; Intel Mac OS X 10_15_7) AppleWebKit/537.36 (KHTML, like Gecko) Chrome/119.0.0.0 Safari/537.36"
162.158.94.222 - - [27/Sep/2024:05:18:43 +0000] "GET /admin/jsi18n/ HTTP/1.1" 200 3343 "https://lastdance.com.tr/admin/user/chatuserlist/2/change/" "Mozilla/5.0 (Macintosh; Intel Mac OS X 10_15_7) AppleWebKit/537.36 (KHTML, like Gecko) Chrome/119.0.0.0 Safari/537.36"
172.70.250.36 - - [27/Sep/2024:05:18:43 +0000] "GET /api/users/static/admin/css/forms.css HTTP/1.1" 200 8835 "https://lastdance.com.tr/admin/user/chatuserlist/2/change/" "Mozilla/5.0 (Macintosh; Intel Mac OS X 10_15_7) AppleWebKit/537.36 (KHTML, like Gecko) Chrome/119.0.0.0 Safari/537.36"
172.70.246.106 - - [27/Sep/2024:05:18:43 +0000] "GET /api/users/static/admin/css/base.css HTTP/1.1" 200 19513 "https://lastdance.com.tr/admin/user/chatuserlist/2/change/" "Mozilla/5.0 (Macintosh; Intel Mac OS X 10_15_7) AppleWebKit/537.36 (KHTML, like Gecko) Chrome/119.0.0.0 Safari/537.36"
172.70.243.78 - - [27/Sep/2024:05:18:43 +0000] "GET /api/users/static/admin/js/urlify.js HTTP/1.1" 200 7902 "https://lastdance.com.tr/admin/user/chatuserlist/2/change/" "Mozilla/5.0 (Macintosh; Intel Mac OS X 10_15_7) AppleWebKit/537.36 (KHTML, like Gecko) Chrome/119.0.0.0 Safari/537.36"
172.70.243.78 - - [27/Sep/2024:05:18:43 +0000] "GET /api/users/static/admin/js/vendor/jquery/jquery.js HTTP/1.1" 200 288580 "https://lastdance.com.tr/admin/user/chatuserlist/2/change/" "Mozilla/5.0 (Macintosh; Intel Mac OS X 10_15_7) AppleWebKit/537.36 (KHTML, like Gecko) Chrome/119.0.0.0 Safari/537.36"
172.70.243.78 - - [27/Sep/2024:05:18:43 +0000] "GET /api/users/static/admin/js/prepopulate.js HTTP/1.1" 200 1531 "https://lastdance.com.tr/admin/user/chatuserlist/2/change/" "Mozilla/5.0 (Macintosh; Intel Mac OS X 10_15_7) AppleWebKit/537.36 (KHTML, like Gecko) Chrome/119.0.0.0 Safari/537.36"
172.70.243.78 - - [27/Sep/2024:05:18:43 +0000] "GET /api/users/static/admin/js/core.js HTTP/1.1" 200 5698 "https://lastdance.com.tr/admin/user/chatuserlist/2/change/" "Mozilla/5.0 (Macintosh; Intel Mac OS X 10_15_7) AppleWebKit/537.36 (KHTML, like Gecko) Chrome/119.0.0.0 Safari/537.36"
172.70.250.37 - - [27/Sep/2024:05:18:43 +0000] "GET /api/users/static/admin/img/icon-changelink.svg HTTP/1.1" 200 380 "https://lastdance.com.tr/admin/user/chatuserlist/2/change/" "Mozilla/5.0 (Macintosh; Intel Mac OS X 10_15_7) AppleWebKit/537.36 (KHTML, like Gecko) Chrome/119.0.0.0 Safari/537.36"
162.158.87.221 - - [27/Sep/2024:05:18:43 +0000] "GET /api/users/static/admin/js/admin/RelatedObjectLookups.js HTTP/1.1" 200 5984 "https://lastdance.com.tr/admin/user/chatuserlist/2/change/" "Mozilla/5.0 (Macintosh; Intel Mac OS X 10_15_7) AppleWebKit/537.36 (KHTML, like Gecko) Chrome/119.0.0.0 Safari/537.36"
172.68.194.166 - - [27/Sep/2024:05:18:43 +0000] "GET /api/users/static/admin/js/vendor/xregexp/xregexp.js HTTP/1.1" 200 232381 "https://lastdance.com.tr/admin/user/chatuserlist/2/change/" "Mozilla/5.0 (Macintosh; Intel Mac OS X 10_15_7) AppleWebKit/537.36 (KHTML, like Gecko) Chrome/119.0.0.0 Safari/537.36"
172.70.243.78 - - [27/Sep/2024:05:18:43 +0000] "GET /api/users/static/admin/js/jquery.init.js HTTP/1.1" 200 347 "https://lastdance.com.tr/admin/user/chatuserlist/2/change/" "Mozilla/5.0 (Macintosh; Intel Mac OS X 10_15_7) AppleWebKit/537.36 (KHTML, like Gecko) Chrome/119.0.0.0 Safari/537.36"
172.70.246.107 - - [27/Sep/2024:05:18:43 +0000] "GET /api/users/static/admin/js/actions.js HTTP/1.1" 200 7872 "https://lastdance.com.tr/admin/user/chatuserlist/2/change/" "Mozilla/5.0 (Macintosh; Intel Mac OS X 10_15_7) AppleWebKit/537.36 (KHTML, like Gecko) Chrome/119.0.0.0 Safari/537.36"
172.70.246.107 - - [27/Sep/2024:05:18:43 +0000] "GET /api/users/static/admin/css/responsive.css HTTP/1.1" 200 18545 "https://lastdance.com.tr/admin/user/chatuserlist/2/change/" "Mozilla/5.0 (Macintosh; Intel Mac OS X 10_15_7) AppleWebKit/537.36 (KHTML, like Gecko) Chrome/119.0.0.0 Safari/537.36"
172.70.246.106 - - [27/Sep/2024:05:18:43 +0000] "GET /api/users/static/admin/img/icon-addlink.svg HTTP/1.1" 200 331 "https://lastdance.com.tr/admin/user/chatuserlist/2/change/" "Mozilla/5.0 (Macintosh; Intel Mac OS X 10_15_7) AppleWebKit/537.36 (KHTML, like Gecko) Chrome/119.0.0.0 Safari/537.36"
172.70.243.78 - - [27/Sep/2024:05:18:43 +0000] "GET /api/users/static/admin/css/widgets.css HTTP/1.1" 200 11097 "https://lastdance.com.tr/api/users/static/admin/css/forms.css" "Mozilla/5.0 (Macintosh; Intel Mac OS X 10_15_7) AppleWebKit/537.36 (KHTML, like Gecko) Chrome/119.0.0.0 Safari/537.36"
172.70.250.36 - - [27/Sep/2024:05:18:43 +0000] "GET /api/users/static/admin/css/fonts.css HTTP/1.1" 200 423 "https://lastdance.com.tr/api/users/static/admin/css/base.css" "Mozilla/5.0 (Macintosh; Intel Mac OS X 10_15_7) AppleWebKit/537.36 (KHTML, like Gecko) Chrome/119.0.0.0 Safari/537.36"
162.158.87.221 - - [27/Sep/2024:05:18:44 +0000] "GET /api/users/static/admin/js/prepopulate_init.js HTTP/1.1" 200 492 "https://lastdance.com.tr/admin/user/chatuserlist/2/change/" "Mozilla/5.0 (Macintosh; Intel Mac OS X 10_15_7) AppleWebKit/537.36 (KHTML, like Gecko) Chrome/119.0.0.0 Safari/537.36"
162.158.94.222 - - [27/Sep/2024:05:18:44 +0000] "GET /api/users/static/admin/js/nav_sidebar.js HTTP/1.1" 200 3401 "https://lastdance.com.tr/admin/user/chatuserlist/2/change/" "Mozilla/5.0 (Macintosh; Intel Mac OS X 10_15_7) AppleWebKit/537.36 (KHTML, like Gecko) Chrome/119.0.0.0 Safari/537.36"
172.68.194.166 - - [27/Sep/2024:05:18:44 +0000] "GET /api/users/static/admin/fonts/Roboto-Regular-webfont.woff HTTP/1.1" 200 85876 "https://lastdance.com.tr/api/users/static/admin/css/fonts.css" "Mozilla/5.0 (Macintosh; Intel Mac OS X 10_15_7) AppleWebKit/537.36 (KHTML, like Gecko) Chrome/119.0.0.0 Safari/537.36"
172.70.246.106 - - [27/Sep/2024:05:18:44 +0000] "GET /api/users/static/admin/js/change_form.js HTTP/1.1" 200 606 "https://lastdance.com.tr/admin/user/chatuserlist/2/change/" "Mozilla/5.0 (Macintosh; Intel Mac OS X 10_15_7) AppleWebKit/537.36 (KHTML, like Gecko) Chrome/119.0.0.0 Safari/537.36"
162.158.87.222 - - [27/Sep/2024:05:18:44 +0000] "GET /api/users/static/admin/fonts/Roboto-Light-webfont.woff HTTP/1.1" 200 85692 "https://lastdance.com.tr/api/users/static/admin/css/fonts.css" "Mozilla/5.0 (Macintosh; Intel Mac OS X 10_15_7) AppleWebKit/537.36 (KHTML, like Gecko) Chrome/119.0.0.0 Safari/537.36"
172.68.194.166 - - [27/Sep/2024:05:18:44 +0000] "GET /api/users/static/admin/fonts/Roboto-Bold-webfont.woff HTTP/1.1" 200 86184 "https://lastdance.com.tr/api/users/static/admin/css/fonts.css" "Mozilla/5.0 (Macintosh; Intel Mac OS X 10_15_7) AppleWebKit/537.36 (KHTML, like Gecko) Chrome/119.0.0.0 Safari/537.36"
162.158.87.221 - - [27/Sep/2024:05:18:44 +0000] "GET /favicon.ico HTTP/1.1" 200 2102 "https://lastdance.com.tr/admin/user/chatuserlist/2/change/" "Mozilla/5.0 (Macintosh; Intel Mac OS X 10_15_7) AppleWebKit/537.36 (KHTML, like Gecko) Chrome/119.0.0.0 Safari/537.36"
172.70.243.78 - - [27/Sep/2024:05:18:48 +0000] "GET /admin/user/chatrooms/ HTTP/1.1" 200 8873 "https://lastdance.com.tr/admin/user/chatuserlist/2/change/" "Mozilla/5.0 (Macintosh; Intel Mac OS X 10_15_7) AppleWebKit/537.36 (KHTML, like Gecko) Chrome/119.0.0.0 Safari/537.36"
162.158.94.222 - - [27/Sep/2024:05:18:49 +0000] "GET /admin/jsi18n/ HTTP/1.1" 200 3343 "https://lastdance.com.tr/admin/user/chatrooms/" "Mozilla/5.0 (Macintosh; Intel Mac OS X 10_15_7) AppleWebKit/537.36 (KHTML, like Gecko) Chrome/119.0.0.0 Safari/537.36"
162.158.87.222 - - [27/Sep/2024:05:18:50 +0000] "GET /admin/user/chatuserlist/ HTTP/1.1" 200 9115 "https://lastdance.com.tr/admin/user/chatrooms/" "Mozilla/5.0 (Macintosh; Intel Mac OS X 10_15_7) AppleWebKit/537.36 (KHTML, like Gecko) Chrome/119.0.0.0 Safari/537.36"
162.158.94.222 - - [27/Sep/2024:05:18:51 +0000] "GET /admin/jsi18n/ HTTP/1.1" 200 3343 "https://lastdance.com.tr/admin/user/chatuserlist/" "Mozilla/5.0 (Macintosh; Intel Mac OS X 10_15_7) AppleWebKit/537.36 (KHTML, like Gecko) Chrome/119.0.0.0 Safari/537.36"
162.158.94.222 - - [27/Sep/2024:05:18:52 +0000] "GET /admin/user/chatuserlist/2/change/ HTTP/1.1" 200 10526 "https://lastdance.com.tr/admin/user/chatuserlist/" "Mozilla/5.0 (Macintosh; Intel Mac OS X 10_15_7) AppleWebKit/537.36 (KHTML, like Gecko) Chrome/119.0.0.0 Safari/537.36"
162.158.94.222 - - [27/Sep/2024:05:18:53 +0000] "GET /admin/jsi18n/ HTTP/1.1" 200 3343 "https://lastdance.com.tr/admin/user/chatuserlist/2/change/" "Mozilla/5.0 (Macintosh; Intel Mac OS X 10_15_7) AppleWebKit/537.36 (KHTML, like Gecko) Chrome/119.0.0.0 Safari/537.36"
162.158.94.222 - - [27/Sep/2024:05:19:01 +0000] "GET /admin/user/chatuserlist/2/change/ HTTP/1.1" 502 559 "https://lastdance.com.tr/admin/user/chatuserlist/" "Mozilla/5.0 (Macintosh; Intel Mac OS X 10_15_7) AppleWebKit/537.36 (KHTML, like Gecko) Chrome/119.0.0.0 Safari/537.36"
162.158.87.221 - - [27/Sep/2024:05:19:01 +0000] "GET /favicon.ico HTTP/1.1" 200 2102 "https://lastdance.com.tr/admin/user/chatuserlist/2/change/" "Mozilla/5.0 (Macintosh; Intel Mac OS X 10_15_7) AppleWebKit/537.36 (KHTML, like Gecko) Chrome/119.0.0.0 Safari/537.36"
162.158.94.222 - - [27/Sep/2024:05:19:02 +0000] "GET /admin/user/chatuserlist/2/change/ HTTP/1.1" 502 559 "https://lastdance.com.tr/admin/user/chatuserlist/" "Mozilla/5.0 (Macintosh; Intel Mac OS X 10_15_7) AppleWebKit/537.36 (KHTML, like Gecko) Chrome/119.0.0.0 Safari/537.36"
162.158.87.222 - - [27/Sep/2024:05:19:02 +0000] "GET /favicon.ico HTTP/1.1" 200 2102 "https://lastdance.com.tr/admin/user/chatuserlist/2/change/" "Mozilla/5.0 (Macintosh; Intel Mac OS X 10_15_7) AppleWebKit/537.36 (KHTML, like Gecko) Chrome/119.0.0.0 Safari/537.36"
162.158.94.222 - - [27/Sep/2024:05:19:03 +0000] "GET /admin/user/chatuserlist/2/change/ HTTP/1.1" 200 10516 "https://lastdance.com.tr/admin/user/chatuserlist/" "Mozilla/5.0 (Macintosh; Intel Mac OS X 10_15_7) AppleWebKit/537.36 (KHTML, like Gecko) Chrome/119.0.0.0 Safari/537.36"
172.70.246.107 - - [27/Sep/2024:05:19:03 +0000] "GET /api/users/static/admin/css/base.css HTTP/1.1" 200 19513 "https://lastdance.com.tr/admin/user/chatuserlist/2/change/" "Mozilla/5.0 (Macintosh; Intel Mac OS X 10_15_7) AppleWebKit/537.36 (KHTML, like Gecko) Chrome/119.0.0.0 Safari/537.36"
162.158.94.222 - - [27/Sep/2024:05:19:03 +0000] "GET /api/users/static/admin/css/nav_sidebar.css HTTP/1.1" 200 2616 "https://lastdance.com.tr/admin/user/chatuserlist/2/change/" "Mozilla/5.0 (Macintosh; Intel Mac OS X 10_15_7) AppleWebKit/537.36 (KHTML, like Gecko) Chrome/119.0.0.0 Safari/537.36"
172.70.250.37 - - [27/Sep/2024:05:19:03 +0000] "GET /api/users/static/admin/css/forms.css HTTP/1.1" 200 8835 "https://lastdance.com.tr/admin/user/chatuserlist/2/change/" "Mozilla/5.0 (Macintosh; Intel Mac OS X 10_15_7) AppleWebKit/537.36 (KHTML, like Gecko) Chrome/119.0.0.0 Safari/537.36"
172.70.243.78 - - [27/Sep/2024:05:19:03 +0000] "GET /api/users/static/admin/js/urlify.js HTTP/1.1" 200 7902 "https://lastdance.com.tr/admin/user/chatuserlist/2/change/" "Mozilla/5.0 (Macintosh; Intel Mac OS X 10_15_7) AppleWebKit/537.36 (KHTML, like Gecko) Chrome/119.0.0.0 Safari/537.36"
172.70.243.78 - - [27/Sep/2024:05:19:03 +0000] "GET /api/users/static/admin/js/prepopulate.js HTTP/1.1" 200 1531 "https://lastdance.com.tr/admin/user/chatuserlist/2/change/" "Mozilla/5.0 (Macintosh; Intel Mac OS X 10_15_7) AppleWebKit/537.36 (KHTML, like Gecko) Chrome/119.0.0.0 Safari/537.36"
172.70.243.78 - - [27/Sep/2024:05:19:03 +0000] "GET /api/users/static/admin/js/vendor/jquery/jquery.js HTTP/1.1" 200 288580 "https://lastdance.com.tr/admin/user/chatuserlist/2/change/" "Mozilla/5.0 (Macintosh; Intel Mac OS X 10_15_7) AppleWebKit/537.36 (KHTML, like Gecko) Chrome/119.0.0.0 Safari/537.36"
172.70.246.107 - - [27/Sep/2024:05:19:03 +0000] "GET /api/users/static/admin/css/responsive.css HTTP/1.1" 200 18545 "https://lastdance.com.tr/admin/user/chatuserlist/2/change/" "Mozilla/5.0 (Macintosh; Intel Mac OS X 10_15_7) AppleWebKit/537.36 (KHTML, like Gecko) Chrome/119.0.0.0 Safari/537.36"
172.70.250.36 - - [27/Sep/2024:05:19:03 +0000] "GET /api/users/static/admin/img/icon-changelink.svg HTTP/1.1" 200 380 "https://lastdance.com.tr/admin/user/chatuserlist/2/change/" "Mozilla/5.0 (Macintosh; Intel Mac OS X 10_15_7) AppleWebKit/537.36 (KHTML, like Gecko) Chrome/119.0.0.0 Safari/537.36"
172.70.243.78 - - [27/Sep/2024:05:19:03 +0000] "GET /api/users/static/admin/js/jquery.init.js HTTP/1.1" 200 347 "https://lastdance.com.tr/admin/user/chatuserlist/2/change/" "Mozilla/5.0 (Macintosh; Intel Mac OS X 10_15_7) AppleWebKit/537.36 (KHTML, like Gecko) Chrome/119.0.0.0 Safari/537.36"
162.158.87.221 - - [27/Sep/2024:05:19:03 +0000] "GET /api/users/static/admin/js/admin/RelatedObjectLookups.js HTTP/1.1" 200 5984 "https://lastdance.com.tr/admin/user/chatuserlist/2/change/" "Mozilla/5.0 (Macintosh; Intel Mac OS X 10_15_7) AppleWebKit/537.36 (KHTML, like Gecko) Chrome/119.0.0.0 Safari/537.36"
172.70.246.106 - - [27/Sep/2024:05:19:03 +0000] "GET /api/users/static/admin/img/icon-addlink.svg HTTP/1.1" 200 331 "https://lastdance.com.tr/admin/user/chatuserlist/2/change/" "Mozilla/5.0 (Macintosh; Intel Mac OS X 10_15_7) AppleWebKit/537.36 (KHTML, like Gecko) Chrome/119.0.0.0 Safari/537.36"
172.70.243.78 - - [27/Sep/2024:05:19:03 +0000] "GET /api/users/static/admin/js/core.js HTTP/1.1" 200 5698 "https://lastdance.com.tr/admin/user/chatuserlist/2/change/" "Mozilla/5.0 (Macintosh; Intel Mac OS X 10_15_7) AppleWebKit/537.36 (KHTML, like Gecko) Chrome/119.0.0.0 Safari/537.36"
172.70.246.106 - - [27/Sep/2024:05:19:03 +0000] "GET /api/users/static/admin/js/actions.js HTTP/1.1" 200 7872 "https://lastdance.com.tr/admin/user/chatuserlist/2/change/" "Mozilla/5.0 (Macintosh; Intel Mac OS X 10_15_7) AppleWebKit/537.36 (KHTML, like Gecko) Chrome/119.0.0.0 Safari/537.36"
172.68.194.166 - - [27/Sep/2024:05:19:03 +0000] "GET /api/users/static/admin/js/vendor/xregexp/xregexp.js HTTP/1.1" 200 232381 "https://lastdance.com.tr/admin/user/chatuserlist/2/change/" "Mozilla/5.0 (Macintosh; Intel Mac OS X 10_15_7) AppleWebKit/537.36 (KHTML, like Gecko) Chrome/119.0.0.0 Safari/537.36"
162.158.94.222 - - [27/Sep/2024:05:19:03 +0000] "GET /admin/jsi18n/ HTTP/1.1" 200 3343 "https://lastdance.com.tr/admin/user/chatuserlist/2/change/" "Mozilla/5.0 (Macintosh; Intel Mac OS X 10_15_7) AppleWebKit/537.36 (KHTML, like Gecko) Chrome/119.0.0.0 Safari/537.36"
172.70.250.37 - - [27/Sep/2024:05:19:03 +0000] "GET /api/users/static/admin/css/fonts.css HTTP/1.1" 200 423 "https://lastdance.com.tr/api/users/static/admin/css/base.css" "Mozilla/5.0 (Macintosh; Intel Mac OS X 10_15_7) AppleWebKit/537.36 (KHTML, like Gecko) Chrome/119.0.0.0 Safari/537.36"
172.70.243.78 - - [27/Sep/2024:05:19:03 +0000] "GET /api/users/static/admin/css/widgets.css HTTP/1.1" 200 11097 "https://lastdance.com.tr/api/users/static/admin/css/forms.css" "Mozilla/5.0 (Macintosh; Intel Mac OS X 10_15_7) AppleWebKit/537.36 (KHTML, like Gecko) Chrome/119.0.0.0 Safari/537.36"
162.158.87.222 - - [27/Sep/2024:05:19:03 +0000] "GET /api/users/static/admin/js/prepopulate_init.js HTTP/1.1" 200 492 "https://lastdance.com.tr/admin/user/chatuserlist/2/change/" "Mozilla/5.0 (Macintosh; Intel Mac OS X 10_15_7) AppleWebKit/537.36 (KHTML, like Gecko) Chrome/119.0.0.0 Safari/537.36"
162.158.94.222 - - [27/Sep/2024:05:19:03 +0000] "GET /api/users/static/admin/js/nav_sidebar.js HTTP/1.1" 200 3401 "https://lastdance.com.tr/admin/user/chatuserlist/2/change/" "Mozilla/5.0 (Macintosh; Intel Mac OS X 10_15_7) AppleWebKit/537.36 (KHTML, like Gecko) Chrome/119.0.0.0 Safari/537.36"
172.68.194.166 - - [27/Sep/2024:05:19:03 +0000] "GET /api/users/static/admin/fonts/Roboto-Regular-webfont.woff HTTP/1.1" 200 85876 "https://lastdance.com.tr/api/users/static/admin/css/fonts.css" "Mozilla/5.0 (Macintosh; Intel Mac OS X 10_15_7) AppleWebKit/537.36 (KHTML, like Gecko) Chrome/119.0.0.0 Safari/537.36"
172.68.194.166 - - [27/Sep/2024:05:19:03 +0000] "GET /api/users/static/admin/fonts/Roboto-Bold-webfont.woff HTTP/1.1" 200 86184 "https://lastdance.com.tr/api/users/static/admin/css/fonts.css" "Mozilla/5.0 (Macintosh; Intel Mac OS X 10_15_7) AppleWebKit/537.36 (KHTML, like Gecko) Chrome/119.0.0.0 Safari/537.36"
162.158.87.221 - - [27/Sep/2024:05:19:03 +0000] "GET /api/users/static/admin/fonts/Roboto-Light-webfont.woff HTTP/1.1" 200 85692 "https://lastdance.com.tr/api/users/static/admin/css/fonts.css" "Mozilla/5.0 (Macintosh; Intel Mac OS X 10_15_7) AppleWebKit/537.36 (KHTML, like Gecko) Chrome/119.0.0.0 Safari/537.36"
172.70.246.107 - - [27/Sep/2024:05:19:03 +0000] "GET /api/users/static/admin/js/change_form.js HTTP/1.1" 200 606 "https://lastdance.com.tr/admin/user/chatuserlist/2/change/" "Mozilla/5.0 (Macintosh; Intel Mac OS X 10_15_7) AppleWebKit/537.36 (KHTML, like Gecko) Chrome/119.0.0.0 Safari/537.36"
162.158.87.222 - - [27/Sep/2024:05:19:03 +0000] "GET /favicon.ico HTTP/1.1" 200 2102 "https://lastdance.com.tr/admin/user/chatuserlist/2/change/" "Mozilla/5.0 (Macintosh; Intel Mac OS X 10_15_7) AppleWebKit/537.36 (KHTML, like Gecko) Chrome/119.0.0.0 Safari/537.36"
172.70.243.78 - - [27/Sep/2024:05:19:11 +0000] "GET /admin/user/chatrooms/ HTTP/1.1" 200 8863 "https://lastdance.com.tr/admin/user/chatuserlist/2/change/" "Mozilla/5.0 (Macintosh; Intel Mac OS X 10_15_7) AppleWebKit/537.36 (KHTML, like Gecko) Chrome/119.0.0.0 Safari/537.36"
162.158.94.222 - - [27/Sep/2024:05:19:11 +0000] "GET /admin/jsi18n/ HTTP/1.1" 200 3343 "https://lastdance.com.tr/admin/user/chatrooms/" "Mozilla/5.0 (Macintosh; Intel Mac OS X 10_15_7) AppleWebKit/537.36 (KHTML, like Gecko) Chrome/119.0.0.0 Safari/537.36"
172.70.243.78 - - [27/Sep/2024:05:19:13 +0000] "GET /admin/user/chatrooms/1/change/ HTTP/1.1" 200 9100 "https://lastdance.com.tr/admin/user/chatrooms/" "Mozilla/5.0 (Macintosh; Intel Mac OS X 10_15_7) AppleWebKit/537.36 (KHTML, like Gecko) Chrome/119.0.0.0 Safari/537.36"
162.158.94.222 - - [27/Sep/2024:05:19:13 +0000] "GET /admin/jsi18n/ HTTP/1.1" 200 3343 "https://lastdance.com.tr/admin/user/chatrooms/1/change/" "Mozilla/5.0 (Macintosh; Intel Mac OS X 10_15_7) AppleWebKit/537.36 (KHTML, like Gecko) Chrome/119.0.0.0 Safari/537.36"
162.158.87.221 - - [27/Sep/2024:05:19:16 +0000] "GET /admin/user/chatuserlist/ HTTP/1.1" 200 9115 "https://lastdance.com.tr/admin/user/chatrooms/1/change/" "Mozilla/5.0 (Macintosh; Intel Mac OS X 10_15_7) AppleWebKit/537.36 (KHTML, like Gecko) Chrome/119.0.0.0 Safari/537.36"
162.158.94.222 - - [27/Sep/2024:05:19:16 +0000] "GET /admin/jsi18n/ HTTP/1.1" 200 3343 "https://lastdance.com.tr/admin/user/chatuserlist/" "Mozilla/5.0 (Macintosh; Intel Mac OS X 10_15_7) AppleWebKit/537.36 (KHTML, like Gecko) Chrome/119.0.0.0 Safari/537.36"
172.70.250.43 - - [27/Sep/2024:05:19:34 +0000] "GET /chat HTTP/1.1" 304 0 "https://lastdance.com.tr/profile?user=alpsmurf" "Mozilla/5.0 (Macintosh; Intel Mac OS X 10_15_7) AppleWebKit/537.36 (KHTML, like Gecko) Chrome/119.0.0.0 Safari/537.36"
172.70.242.68 - - [27/Sep/2024:05:19:34 +0000] "GET /api/users/whois/ HTTP/1.1" 401 9 "https://lastdance.com.tr/chat" "Mozilla/5.0 (Macintosh; Intel Mac OS X 10_15_7) AppleWebKit/537.36 (KHTML, like Gecko) Chrome/119.0.0.0 Safari/537.36"
162.158.95.92 - - [27/Sep/2024:05:19:35 +0000] "GET /ws/friend-list/?token=eyJhbGciOiJIUzI1NiIsInR5cCI6IkpXVCJ9.eyJ0b2tlbl90eXBlIjoiYWNjZXNzIiwiZXhwIjoxNzI3NDE0Njc0LCJpYXQiOjE3Mjc0MTM5OTcsImp0aSI6ImMwMmYyYzg5OThiYjRjYzRhMzllMzlkMDNiZjVlZmQxIiwidXNlcl9pZCI6Mn0.jcfuO_8QHzpsCiP8JlXSGUag_u4pkCGJ8fr_QN4FxY8 HTTP/1.1" 101 4 "-" "Mozilla/5.0 (Macintosh; Intel Mac OS X 10_15_7) AppleWebKit/537.36 (KHTML, like Gecko) Chrome/119.0.0.0 Safari/537.36"
162.158.95.207 - - [27/Sep/2024:05:19:35 +0000] "GET / HTTP/1.1" 304 0 "https://lastdance.com.tr/profile?user=alpsmurf" "Mozilla/5.0 (Macintosh; Intel Mac OS X 10_15_7) AppleWebKit/537.36 (KHTML, like Gecko) Chrome/119.0.0.0 Safari/537.36"
162.158.94.99 - - [27/Sep/2024:05:19:38 +0000] "GET /ws/friend-list/?token=eyJhbGciOiJIUzI1NiIsInR5cCI6IkpXVCJ9.eyJ0b2tlbl90eXBlIjoiYWNjZXNzIiwiZXhwIjoxNzI3NDE0Njc0LCJpYXQiOjE3Mjc0MTM5OTcsImp0aSI6ImMwMmYyYzg5OThiYjRjYzRhMzllMzlkMDNiZjVlZmQxIiwidXNlcl9pZCI6Mn0.jcfuO_8QHzpsCiP8JlXSGUag_u4pkCGJ8fr_QN4FxY8 HTTP/1.1" 101 0 "-" "Mozilla/5.0 (Macintosh; Intel Mac OS X 10_15_7) AppleWebKit/537.36 (KHTML, like Gecko) Chrome/119.0.0.0 Safari/537.36"
162.158.87.222 - - [27/Sep/2024:05:19:41 +0000] "GET /admin/user/chatuserlist/ HTTP/1.1" 200 9135 "https://lastdance.com.tr/admin/user/chatrooms/1/change/" "Mozilla/5.0 (Macintosh; Intel Mac OS X 10_15_7) AppleWebKit/537.36 (KHTML, like Gecko) Chrome/119.0.0.0 Safari/537.36"
162.158.87.221 - - [27/Sep/2024:05:19:41 +0000] "GET /api/users/static/admin/css/changelists.css HTTP/1.1" 200 6932 "https://lastdance.com.tr/admin/user/chatuserlist/" "Mozilla/5.0 (Macintosh; Intel Mac OS X 10_15_7) AppleWebKit/537.36 (KHTML, like Gecko) Chrome/119.0.0.0 Safari/537.36"
172.70.246.107 - - [27/Sep/2024:05:19:41 +0000] "GET /api/users/static/admin/css/base.css HTTP/1.1" 200 19513 "https://lastdance.com.tr/admin/user/chatuserlist/" "Mozilla/5.0 (Macintosh; Intel Mac OS X 10_15_7) AppleWebKit/537.36 (KHTML, like Gecko) Chrome/119.0.0.0 Safari/537.36"
172.70.243.78 - - [27/Sep/2024:05:19:41 +0000] "GET /api/users/static/admin/js/jquery.init.js HTTP/1.1" 200 347 "https://lastdance.com.tr/admin/user/chatuserlist/" "Mozilla/5.0 (Macintosh; Intel Mac OS X 10_15_7) AppleWebKit/537.36 (KHTML, like Gecko) Chrome/119.0.0.0 Safari/537.36"
172.70.246.106 - - [27/Sep/2024:05:19:41 +0000] "GET /api/users/static/admin/js/actions.js HTTP/1.1" 200 7872 "https://lastdance.com.tr/admin/user/chatuserlist/" "Mozilla/5.0 (Macintosh; Intel Mac OS X 10_15_7) AppleWebKit/537.36 (KHTML, like Gecko) Chrome/119.0.0.0 Safari/537.36"
172.70.243.78 - - [27/Sep/2024:05:19:41 +0000] "GET /api/users/static/admin/js/vendor/jquery/jquery.js HTTP/1.1" 200 288580 "https://lastdance.com.tr/admin/user/chatuserlist/" "Mozilla/5.0 (Macintosh; Intel Mac OS X 10_15_7) AppleWebKit/537.36 (KHTML, like Gecko) Chrome/119.0.0.0 Safari/537.36"
172.70.246.106 - - [27/Sep/2024:05:19:41 +0000] "GET /api/users/static/admin/css/responsive.css HTTP/1.1" 200 18545 "https://lastdance.com.tr/admin/user/chatuserlist/" "Mozilla/5.0 (Macintosh; Intel Mac OS X 10_15_7) AppleWebKit/537.36 (KHTML, like Gecko) Chrome/119.0.0.0 Safari/537.36"
162.158.94.222 - - [27/Sep/2024:05:19:41 +0000] "GET /api/users/static/admin/css/nav_sidebar.css HTTP/1.1" 200 2616 "https://lastdance.com.tr/admin/user/chatuserlist/" "Mozilla/5.0 (Macintosh; Intel Mac OS X 10_15_7) AppleWebKit/537.36 (KHTML, like Gecko) Chrome/119.0.0.0 Safari/537.36"
162.158.87.222 - - [27/Sep/2024:05:19:41 +0000] "GET /api/users/static/admin/js/admin/RelatedObjectLookups.js HTTP/1.1" 200 5984 "https://lastdance.com.tr/admin/user/chatuserlist/" "Mozilla/5.0 (Macintosh; Intel Mac OS X 10_15_7) AppleWebKit/537.36 (KHTML, like Gecko) Chrome/119.0.0.0 Safari/537.36"
172.70.243.78 - - [27/Sep/2024:05:19:41 +0000] "GET /api/users/static/admin/js/core.js HTTP/1.1" 200 5698 "https://lastdance.com.tr/admin/user/chatuserlist/" "Mozilla/5.0 (Macintosh; Intel Mac OS X 10_15_7) AppleWebKit/537.36 (KHTML, like Gecko) Chrome/119.0.0.0 Safari/537.36"
172.70.243.78 - - [27/Sep/2024:05:19:41 +0000] "GET /api/users/static/admin/js/urlify.js HTTP/1.1" 200 7902 "https://lastdance.com.tr/admin/user/chatuserlist/" "Mozilla/5.0 (Macintosh; Intel Mac OS X 10_15_7) AppleWebKit/537.36 (KHTML, like Gecko) Chrome/119.0.0.0 Safari/537.36"
172.70.243.78 - - [27/Sep/2024:05:19:41 +0000] "GET /api/users/static/admin/js/prepopulate.js HTTP/1.1" 200 1531 "https://lastdance.com.tr/admin/user/chatuserlist/" "Mozilla/5.0 (Macintosh; Intel Mac OS X 10_15_7) AppleWebKit/537.36 (KHTML, like Gecko) Chrome/119.0.0.0 Safari/537.36"
172.68.194.166 - - [27/Sep/2024:05:19:41 +0000] "GET /api/users/static/admin/js/vendor/xregexp/xregexp.js HTTP/1.1" 200 232381 "https://lastdance.com.tr/admin/user/chatuserlist/" "Mozilla/5.0 (Macintosh; Intel Mac OS X 10_15_7) AppleWebKit/537.36 (KHTML, like Gecko) Chrome/119.0.0.0 Safari/537.36"
162.158.94.222 - - [27/Sep/2024:05:19:41 +0000] "GET /admin/jsi18n/ HTTP/1.1" 200 3343 "https://lastdance.com.tr/admin/user/chatuserlist/" "Mozilla/5.0 (Macintosh; Intel Mac OS X 10_15_7) AppleWebKit/537.36 (KHTML, like Gecko) Chrome/119.0.0.0 Safari/537.36"
172.70.250.36 - - [27/Sep/2024:05:19:41 +0000] "GET /api/users/static/admin/css/fonts.css HTTP/1.1" 200 423 "https://lastdance.com.tr/api/users/static/admin/css/base.css" "Mozilla/5.0 (Macintosh; Intel Mac OS X 10_15_7) AppleWebKit/537.36 (KHTML, like Gecko) Chrome/119.0.0.0 Safari/537.36"
162.158.94.222 - - [27/Sep/2024:05:19:41 +0000] "GET /api/users/static/admin/js/nav_sidebar.js HTTP/1.1" 200 3401 "https://lastdance.com.tr/admin/user/chatuserlist/" "Mozilla/5.0 (Macintosh; Intel Mac OS X 10_15_7) AppleWebKit/537.36 (KHTML, like Gecko) Chrome/119.0.0.0 Safari/537.36"
172.70.243.78 - - [27/Sep/2024:05:19:41 +0000] "GET /api/users/static/admin/img/tooltag-add.svg HTTP/1.1" 200 331 "https://lastdance.com.tr/api/users/static/admin/css/base.css" "Mozilla/5.0 (Macintosh; Intel Mac OS X 10_15_7) AppleWebKit/537.36 (KHTML, like Gecko) Chrome/119.0.0.0 Safari/537.36"
162.158.87.221 - - [27/Sep/2024:05:19:41 +0000] "GET /api/users/static/admin/fonts/Roboto-Light-webfont.woff HTTP/1.1" 200 85692 "https://lastdance.com.tr/api/users/static/admin/css/fonts.css" "Mozilla/5.0 (Macintosh; Intel Mac OS X 10_15_7) AppleWebKit/537.36 (KHTML, like Gecko) Chrome/119.0.0.0 Safari/537.36"
172.68.194.166 - - [27/Sep/2024:05:19:41 +0000] "GET /api/users/static/admin/fonts/Roboto-Bold-webfont.woff HTTP/1.1" 200 86184 "https://lastdance.com.tr/api/users/static/admin/css/fonts.css" "Mozilla/5.0 (Macintosh; Intel Mac OS X 10_15_7) AppleWebKit/537.36 (KHTML, like Gecko) Chrome/119.0.0.0 Safari/537.36"
172.68.194.166 - - [27/Sep/2024:05:19:41 +0000] "GET /api/users/static/admin/fonts/Roboto-Regular-webfont.woff HTTP/1.1" 200 85876 "https://lastdance.com.tr/api/users/static/admin/css/fonts.css" "Mozilla/5.0 (Macintosh; Intel Mac OS X 10_15_7) AppleWebKit/537.36 (KHTML, like Gecko) Chrome/119.0.0.0 Safari/537.36"
172.70.246.107 - - [27/Sep/2024:05:19:41 +0000] "GET /api/users/static/admin/img/icon-addlink.svg HTTP/1.1" 200 331 "https://lastdance.com.tr/api/users/static/admin/css/base.css" "Mozilla/5.0 (Macintosh; Intel Mac OS X 10_15_7) AppleWebKit/537.36 (KHTML, like Gecko) Chrome/119.0.0.0 Safari/537.36"
162.158.87.222 - - [27/Sep/2024:05:19:41 +0000] "GET /favicon.ico HTTP/1.1" 200 2102 "https://lastdance.com.tr/admin/user/chatuserlist/" "Mozilla/5.0 (Macintosh; Intel Mac OS X 10_15_7) AppleWebKit/537.36 (KHTML, like Gecko) Chrome/119.0.0.0 Safari/537.36"
172.70.243.78 - - [27/Sep/2024:05:19:51 +0000] "GET /admin/user/chatrooms/ HTTP/1.1" 200 8863 "https://lastdance.com.tr/admin/user/chatuserlist/" "Mozilla/5.0 (Macintosh; Intel Mac OS X 10_15_7) AppleWebKit/537.36 (KHTML, like Gecko) Chrome/119.0.0.0 Safari/537.36"
162.158.94.222 - - [27/Sep/2024:05:19:51 +0000] "GET /admin/jsi18n/ HTTP/1.1" 200 3343 "https://lastdance.com.tr/admin/user/chatrooms/" "Mozilla/5.0 (Macintosh; Intel Mac OS X 10_15_7) AppleWebKit/537.36 (KHTML, like Gecko) Chrome/119.0.0.0 Safari/537.36"
162.158.94.222 - - [27/Sep/2024:05:19:54 +0000] "GET /admin/user/chatmessage/ HTTP/1.1" 200 7718 "https://lastdance.com.tr/admin/user/chatrooms/" "Mozilla/5.0 (Macintosh; Intel Mac OS X 10_15_7) AppleWebKit/537.36 (KHTML, like Gecko) Chrome/119.0.0.0 Safari/537.36"
162.158.94.222 - - [27/Sep/2024:05:19:54 +0000] "GET /admin/jsi18n/ HTTP/1.1" 200 3343 "https://lastdance.com.tr/admin/user/chatmessage/" "Mozilla/5.0 (Macintosh; Intel Mac OS X 10_15_7) AppleWebKit/537.36 (KHTML, like Gecko) Chrome/119.0.0.0 Safari/537.36"
162.158.87.221 - - [27/Sep/2024:05:19:56 +0000] "GET /admin/user/chatuserlist/ HTTP/1.1" 200 9135 "https://lastdance.com.tr/admin/user/chatmessage/" "Mozilla/5.0 (Macintosh; Intel Mac OS X 10_15_7) AppleWebKit/537.36 (KHTML, like Gecko) Chrome/119.0.0.0 Safari/537.36"
162.158.94.222 - - [27/Sep/2024:05:19:56 +0000] "GET /admin/jsi18n/ HTTP/1.1" 200 3343 "https://lastdance.com.tr/admin/user/chatuserlist/" "Mozilla/5.0 (Macintosh; Intel Mac OS X 10_15_7) AppleWebKit/537.36 (KHTML, like Gecko) Chrome/119.0.0.0 Safari/537.36"
51.8.223.96 - - [27/Sep/2024:05:23:11 +0000] "GET /druid/index.html HTTP/1.1" 200 2102 "-" "Mozilla/5.0 zgrab/0.x"
8.216.92.45 - - [27/Sep/2024:05:34:25 +0000] "POST /cgi-bin/.%2e/.%2e/.%2e/.%2e/.%2e/.%2e/.%2e/.%2e/.%2e/.%2e/bin/sh HTTP/1.1" 400 157 "-" "-"
8.216.92.45 - - [27/Sep/2024:05:34:26 +0000] "POST /cgi-bin/%%32%65%%32%65/%%32%65%%32%65/%%32%65%%32%65/%%32%65%%32%65/%%32%65%%32%65/%%32%65%%32%65/%%32%65%%32%65/bin/sh HTTP/1.1" 400 157 "-" "-"
8.216.92.45 - - [27/Sep/2024:05:34:28 +0000] "POST /hello.world?%ADd+allow_url_include%3d1+%ADd+auto_prepend_file%3dphp://input HTTP/1.1" 405 157 "-" "Custom-AsyncHttpClient"
8.216.92.45 - - [27/Sep/2024:05:34:28 +0000] "GET /vendor/phpunit/phpunit/src/Util/PHP/eval-stdin.php HTTP/1.1" 200 2102 "-" "Custom-AsyncHttpClient"
8.216.92.45 - - [27/Sep/2024:05:34:28 +0000] "GET /vendor/phpunit/phpunit/Util/PHP/eval-stdin.php HTTP/1.1" 200 2102 "-" "Custom-AsyncHttpClient"
8.216.92.45 - - [27/Sep/2024:05:34:29 +0000] "GET /vendor/phpunit/src/Util/PHP/eval-stdin.php HTTP/1.1" 200 2102 "-" "Custom-AsyncHttpClient"
8.216.92.45 - - [27/Sep/2024:05:34:29 +0000] "GET /vendor/phpunit/Util/PHP/eval-stdin.php HTTP/1.1" 200 2102 "-" "Custom-AsyncHttpClient"
8.216.92.45 - - [27/Sep/2024:05:34:29 +0000] "GET /vendor/phpunit/phpunit/LICENSE/eval-stdin.php HTTP/1.1" 200 2102 "-" "Custom-AsyncHttpClient"
8.216.92.45 - - [27/Sep/2024:05:34:30 +0000] "GET /vendor/vendor/phpunit/phpunit/src/Util/PHP/eval-stdin.php HTTP/1.1" 200 2102 "-" "Custom-AsyncHttpClient"
8.216.92.45 - - [27/Sep/2024:05:34:30 +0000] "GET /phpunit/phpunit/src/Util/PHP/eval-stdin.php HTTP/1.1" 200 2102 "-" "Custom-AsyncHttpClient"
8.216.92.45 - - [27/Sep/2024:05:34:31 +0000] "GET /phpunit/phpunit/Util/PHP/eval-stdin.php HTTP/1.1" 200 2102 "-" "Custom-AsyncHttpClient"
8.216.92.45 - - [27/Sep/2024:05:34:31 +0000] "GET /phpunit/src/Util/PHP/eval-stdin.php HTTP/1.1" 200 2102 "-" "Custom-AsyncHttpClient"
8.216.92.45 - - [27/Sep/2024:05:34:31 +0000] "GET /phpunit/Util/PHP/eval-stdin.php HTTP/1.1" 200 2102 "-" "Custom-AsyncHttpClient"
8.216.92.45 - - [27/Sep/2024:05:34:32 +0000] "GET /lib/phpunit/phpunit/src/Util/PHP/eval-stdin.php HTTP/1.1" 200 2102 "-" "Custom-AsyncHttpClient"
8.216.92.45 - - [27/Sep/2024:05:34:32 +0000] "GET /lib/phpunit/phpunit/Util/PHP/eval-stdin.php HTTP/1.1" 200 2102 "-" "Custom-AsyncHttpClient"
8.216.92.45 - - [27/Sep/2024:05:34:32 +0000] "GET /lib/phpunit/src/Util/PHP/eval-stdin.php HTTP/1.1" 200 2102 "-" "Custom-AsyncHttpClient"
8.216.92.45 - - [27/Sep/2024:05:34:33 +0000] "GET /lib/phpunit/Util/PHP/eval-stdin.php HTTP/1.1" 200 2102 "-" "Custom-AsyncHttpClient"
8.216.92.45 - - [27/Sep/2024:05:34:33 +0000] "GET /lib/vendor/phpunit/phpunit/src/Util/PHP/eval-stdin.php HTTP/1.1" 200 2102 "-" "Custom-AsyncHttpClient"
8.216.92.45 - - [27/Sep/2024:05:34:34 +0000] "GET /laravel/vendor/phpunit/phpunit/src/Util/PHP/eval-stdin.php HTTP/1.1" 200 2102 "-" "Custom-AsyncHttpClient"
8.216.92.45 - - [27/Sep/2024:05:34:34 +0000] "GET /www/vendor/phpunit/phpunit/src/Util/PHP/eval-stdin.php HTTP/1.1" 200 2102 "-" "Custom-AsyncHttpClient"
8.216.92.45 - - [27/Sep/2024:05:35:34 +0000] "GET /ws/vendor/phpunit/phpunit/src/Util/PHP/eval-stdin.php HTTP/1.1" 504 167 "-" "Custom-AsyncHttpClient"
178.211.139.188 - - [27/Sep/2024:05:42:39 +0000] "GET / HTTP/1.1" 200 2102 "-" "Mozilla/5.0 (Windows NT 10.0; Win64; x64) AppleWebKit/537.36 (KHTML, like Gecko) Chrome/90.0.4430.85 Safari/537.36 Edg/90.0.818.46"
162.158.110.110 - - [27/Sep/2024:05:50:02 +0000] "GET /ws-chat/global-chat/?token=eyJhbGciOiJIUzI1NiIsInR5cCI6IkpXVCJ9.eyJ0b2tlbl90eXBlIjoiYWNjZXNzIiwiZXhwIjoxNzI3NDE0Njc0LCJpYXQiOjE3Mjc0MTM5OTcsImp0aSI6ImMwMmYyYzg5OThiYjRjYzRhMzllMzlkMDNiZjVlZmQxIiwidXNlcl9pZCI6Mn0.jcfuO_8QHzpsCiP8JlXSGUag_u4pkCGJ8fr_QN4FxY8 HTTP/1.1" 101 1274 "-" "Mozilla/5.0 (Macintosh; Intel Mac OS X 10_15_7) AppleWebKit/537.36 (KHTML, like Gecko) Chrome/119.0.0.0 Safari/537.36"
198.235.24.246 - - [27/Sep/2024:05:54:05 +0000] "\x16\x03\x01\x00\xCA\x01\x00\x00\xC6\x03\x03\x88\xA0\xE0\xBD\x93\x9D\x0F\x05\xEBz4D5\x9C\x92\xF7\xBC\xE5FBd\xF4*\x9ANN\xBE\x1A\xD8u.m\x00\x00h\xCC\x14\xCC\x13\xC0/\xC0+\xC00\xC0,\xC0\x11\xC0\x07\xC0'\xC0#\xC0\x13\xC0\x09\xC0(\xC0$\xC0\x14\xC0" 400 157 "-" "-"
198.235.24.246 - - [27/Sep/2024:05:54:05 +0000] "\x16\x03\x01\x00\xEE\x01\x00\x00\xEA\x03\x034g\xF1Y\x80" 400 157 "-" "-"
143.110.222.166 - - [27/Sep/2024:06:08:12 +0000] "GET / HTTP/1.1" 200 2102 "-" "Mozilla/5.0 (iPhone; CPU iPhone OS 16_1 like Mac OS X) AppleWebKit/605.1.15 (KHTML, like Gecko) Version/16.1 Mobile/15E148 Safari/604.1"
95.214.55.138 - - [27/Sep/2024:06:11:40 +0000] "GET / HTTP/1.1" 200 2102 "-" "Mozilla/5.0 (Windows NT 10.0; Win64; x64) AppleWebKit/537.36 (KHTML, like Gecko) Chrome/90.0.4430.85 Safari/537.36 Edg/90.0.818.46"
8.216.121.252 - - [27/Sep/2024:06:17:16 +0000] "POST /cgi-bin/.%2e/.%2e/.%2e/.%2e/.%2e/.%2e/.%2e/.%2e/.%2e/.%2e/bin/sh HTTP/1.1" 400 157 "-" "-"
8.216.121.252 - - [27/Sep/2024:06:17:17 +0000] "POST /cgi-bin/%%32%65%%32%65/%%32%65%%32%65/%%32%65%%32%65/%%32%65%%32%65/%%32%65%%32%65/%%32%65%%32%65/%%32%65%%32%65/bin/sh HTTP/1.1" 400 157 "-" "-"
8.216.121.252 - - [27/Sep/2024:06:17:19 +0000] "POST /hello.world?%ADd+allow_url_include%3d1+%ADd+auto_prepend_file%3dphp://input HTTP/1.1" 405 157 "-" "Custom-AsyncHttpClient"
8.216.121.252 - - [27/Sep/2024:06:17:19 +0000] "GET /vendor/phpunit/phpunit/src/Util/PHP/eval-stdin.php HTTP/1.1" 200 2102 "-" "Custom-AsyncHttpClient"
8.216.121.252 - - [27/Sep/2024:06:17:21 +0000] "GET /vendor/phpunit/phpunit/Util/PHP/eval-stdin.php HTTP/1.1" 200 2102 "-" "Custom-AsyncHttpClient"
8.216.121.252 - - [27/Sep/2024:06:17:21 +0000] "GET /vendor/phpunit/src/Util/PHP/eval-stdin.php HTTP/1.1" 200 2102 "-" "Custom-AsyncHttpClient"
8.216.121.252 - - [27/Sep/2024:06:17:22 +0000] "GET /vendor/phpunit/Util/PHP/eval-stdin.php HTTP/1.1" 200 2102 "-" "Custom-AsyncHttpClient"
8.216.121.252 - - [27/Sep/2024:06:17:23 +0000] "GET /vendor/phpunit/phpunit/LICENSE/eval-stdin.php HTTP/1.1" 200 2102 "-" "Custom-AsyncHttpClient"
8.216.121.252 - - [27/Sep/2024:06:17:23 +0000] "GET /vendor/vendor/phpunit/phpunit/src/Util/PHP/eval-stdin.php HTTP/1.1" 200 2102 "-" "Custom-AsyncHttpClient"
8.216.121.252 - - [27/Sep/2024:06:17:24 +0000] "GET /phpunit/phpunit/src/Util/PHP/eval-stdin.php HTTP/1.1" 200 2102 "-" "Custom-AsyncHttpClient"
8.216.121.252 - - [27/Sep/2024:06:17:24 +0000] "GET /phpunit/phpunit/Util/PHP/eval-stdin.php HTTP/1.1" 200 2102 "-" "Custom-AsyncHttpClient"
8.216.121.252 - - [27/Sep/2024:06:17:24 +0000] "GET /phpunit/src/Util/PHP/eval-stdin.php HTTP/1.1" 200 2102 "-" "Custom-AsyncHttpClient"
8.216.121.252 - - [27/Sep/2024:06:17:24 +0000] "GET /phpunit/Util/PHP/eval-stdin.php HTTP/1.1" 200 2102 "-" "Custom-AsyncHttpClient"
8.216.121.252 - - [27/Sep/2024:06:17:25 +0000] "GET /lib/phpunit/phpunit/src/Util/PHP/eval-stdin.php HTTP/1.1" 200 2102 "-" "Custom-AsyncHttpClient"
8.216.121.252 - - [27/Sep/2024:06:17:25 +0000] "GET /lib/phpunit/phpunit/Util/PHP/eval-stdin.php HTTP/1.1" 200 2102 "-" "Custom-AsyncHttpClient"
8.216.121.252 - - [27/Sep/2024:06:17:26 +0000] "GET /lib/phpunit/src/Util/PHP/eval-stdin.php HTTP/1.1" 200 2102 "-" "Custom-AsyncHttpClient"
8.216.121.252 - - [27/Sep/2024:06:17:27 +0000] "GET /lib/phpunit/Util/PHP/eval-stdin.php HTTP/1.1" 200 2102 "-" "Custom-AsyncHttpClient"
8.216.121.252 - - [27/Sep/2024:06:17:27 +0000] "GET /lib/vendor/phpunit/phpunit/src/Util/PHP/eval-stdin.php HTTP/1.1" 200 2102 "-" "Custom-AsyncHttpClient"
8.216.121.252 - - [27/Sep/2024:06:17:27 +0000] "GET /laravel/vendor/phpunit/phpunit/src/Util/PHP/eval-stdin.php HTTP/1.1" 200 2102 "-" "Custom-AsyncHttpClient"
8.216.121.252 - - [27/Sep/2024:06:17:28 +0000] "GET /www/vendor/phpunit/phpunit/src/Util/PHP/eval-stdin.php HTTP/1.1" 200 2102 "-" "Custom-AsyncHttpClient"
8.216.121.252 - - [27/Sep/2024:06:18:28 +0000] "GET /ws/vendor/phpunit/phpunit/src/Util/PHP/eval-stdin.php HTTP/1.1" 502 157 "-" "Custom-AsyncHttpClient"
57.129.23.166 - - [27/Sep/2024:06:24:05 +0000] "GET /.env HTTP/1.1" 200 2102 "-" "Mozilla/5.0 (X11; Linux x86_64) AppleWebKit/537.36 (KHTML, like Gecko) Chrome/81.0.4044.129 Safari/537.36"
57.129.23.166 - - [27/Sep/2024:06:24:05 +0000] "POST / HTTP/1.1" 405 559 "-" "Mozilla/5.0 (X11; Linux x86_64) AppleWebKit/537.36 (KHTML, like Gecko) Chrome/81.0.4044.129 Safari/537.36"
172.68.194.166 - - [27/Sep/2024:06:28:13 +0000] "GET /css/player_setting.css HTTP/1.1" 304 0 "https://lastdance.com.tr/chat" "Mozilla/5.0 (Macintosh; Intel Mac OS X 10_15_7) AppleWebKit/537.36 (KHTML, like Gecko) Chrome/119.0.0.0 Safari/537.36"
162.158.94.222 - - [27/Sep/2024:06:28:13 +0000] "GET /css/profile.css HTTP/1.1" 304 0 "https://lastdance.com.tr/chat" "Mozilla/5.0 (Macintosh; Intel Mac OS X 10_15_7) AppleWebKit/537.36 (KHTML, like Gecko) Chrome/119.0.0.0 Safari/537.36"
172.68.194.166 - - [27/Sep/2024:06:28:13 +0000] "GET /js/player_settings.js HTTP/1.1" 304 0 "https://lastdance.com.tr/chat" "Mozilla/5.0 (Macintosh; Intel Mac OS X 10_15_7) AppleWebKit/537.36 (KHTML, like Gecko) Chrome/119.0.0.0 Safari/537.36"
172.70.250.36 - - [27/Sep/2024:06:28:13 +0000] "GET /js/tournament.js HTTP/1.1" 304 0 "https://lastdance.com.tr/chat" "Mozilla/5.0 (Macintosh; Intel Mac OS X 10_15_7) AppleWebKit/537.36 (KHTML, like Gecko) Chrome/119.0.0.0 Safari/537.36"
172.70.243.78 - - [27/Sep/2024:06:28:13 +0000] "GET /js/profile.js HTTP/1.1" 304 0 "https://lastdance.com.tr/chat" "Mozilla/5.0 (Macintosh; Intel Mac OS X 10_15_7) AppleWebKit/537.36 (KHTML, like Gecko) Chrome/119.0.0.0 Safari/537.36"
172.70.250.37 - - [27/Sep/2024:06:28:13 +0000] "GET /js/chat.js HTTP/1.1" 304 0 "https://lastdance.com.tr/chat" "Mozilla/5.0 (Macintosh; Intel Mac OS X 10_15_7) AppleWebKit/537.36 (KHTML, like Gecko) Chrome/119.0.0.0 Safari/537.36"
172.70.246.107 - - [27/Sep/2024:06:28:13 +0000] "GET /js/friends.js HTTP/1.1" 304 0 "https://lastdance.com.tr/chat" "Mozilla/5.0 (Macintosh; Intel Mac OS X 10_15_7) AppleWebKit/537.36 (KHTML, like Gecko) Chrome/119.0.0.0 Safari/537.36"
162.158.87.221 - - [27/Sep/2024:06:28:13 +0000] "GET /js/app.js HTTP/1.1" 304 0 "https://lastdance.com.tr/chat" "Mozilla/5.0 (Macintosh; Intel Mac OS X 10_15_7) AppleWebKit/537.36 (KHTML, like Gecko) Chrome/119.0.0.0 Safari/537.36"
172.70.243.78 - - [27/Sep/2024:06:28:13 +0000] "GET /api/users/whois/ HTTP/1.1" 401 9 "https://lastdance.com.tr/chat" "Mozilla/5.0 (Macintosh; Intel Mac OS X 10_15_7) AppleWebKit/537.36 (KHTML, like Gecko) Chrome/119.0.0.0 Safari/537.36"
162.158.87.221 - - [27/Sep/2024:06:28:13 +0000] "GET /favicon.ico HTTP/1.1" 304 0 "https://lastdance.com.tr/chat" "Mozilla/5.0 (Macintosh; Intel Mac OS X 10_15_7) AppleWebKit/537.36 (KHTML, like Gecko) Chrome/119.0.0.0 Safari/537.36"
172.68.194.166 - - [27/Sep/2024:06:28:15 +0000] "GET /admin/user/profil/2/change/ HTTP/1.1" 200 14445 "https://lastdance.com.tr/admin/user/profil/" "Mozilla/5.0 (Macintosh; Intel Mac OS X 10_15_7) AppleWebKit/537.36 (KHTML, like Gecko) Chrome/119.0.0.0 Safari/537.36"
162.158.94.222 - - [27/Sep/2024:06:28:15 +0000] "GET /admin/jsi18n/ HTTP/1.1" 200 3343 "https://lastdance.com.tr/admin/user/profil/2/change/" "Mozilla/5.0 (Macintosh; Intel Mac OS X 10_15_7) AppleWebKit/537.36 (KHTML, like Gecko) Chrome/119.0.0.0 Safari/537.36"
172.70.246.22 - - [27/Sep/2024:06:29:49 +0000] "GET /ws-chat/global-chat/?token=eyJhbGciOiJIUzI1NiIsInR5cCI6IkpXVCJ9.eyJ0b2tlbl90eXBlIjoiYWNjZXNzIiwiZXhwIjoxNzI3NDE4NzkzLCJpYXQiOjE3Mjc0MTQzNzQsImp0aSI6ImIzNmU4Yjg4M2RjMTQ4Y2Q5MWQyYjI4ODc4YjJlOGZkIiwidXNlcl9pZCI6Mn0.3l0v8ztdnf2jQbJhbr9DoBCbx4FoqsGgWXMENyKEvyU HTTP/1.1" 101 42 "-" "Mozilla/5.0 (Macintosh; Intel Mac OS X 10_15_7) AppleWebKit/537.36 (KHTML, like Gecko) Chrome/119.0.0.0 Safari/537.36"
172.68.192.218 - - [27/Sep/2024:06:29:50 +0000] "GET /ws/friend-list/?token=eyJhbGciOiJIUzI1NiIsInR5cCI6IkpXVCJ9.eyJ0b2tlbl90eXBlIjoiYWNjZXNzIiwiZXhwIjoxNzI3NDE4NzkzLCJpYXQiOjE3Mjc0MTQzNzQsImp0aSI6ImIzNmU4Yjg4M2RjMTQ4Y2Q5MWQyYjI4ODc4YjJlOGZkIiwidXNlcl9pZCI6Mn0.3l0v8ztdnf2jQbJhbr9DoBCbx4FoqsGgWXMENyKEvyU HTTP/1.1" 101 60 "-" "Mozilla/5.0 (Macintosh; Intel Mac OS X 10_15_7) AppleWebKit/537.36 (KHTML, like Gecko) Chrome/119.0.0.0 Safari/537.36"
172.70.250.43 - - [27/Sep/2024:06:29:50 +0000] "GET /chat HTTP/1.1" 200 2102 "https://lastdance.com.tr/profile?user=alpsmurf" "Mozilla/5.0 (Macintosh; Intel Mac OS X 10_15_7) AppleWebKit/537.36 (KHTML, like Gecko) Chrome/119.0.0.0 Safari/537.36"
162.158.95.208 - - [27/Sep/2024:06:29:50 +0000] "GET /css/leaderboard.css HTTP/1.1" 200 1372 "https://lastdance.com.tr/chat" "Mozilla/5.0 (Macintosh; Intel Mac OS X 10_15_7) AppleWebKit/537.36 (KHTML, like Gecko) Chrome/119.0.0.0 Safari/537.36"
162.158.95.208 - - [27/Sep/2024:06:29:50 +0000] "GET /css/register.css HTTP/1.1" 200 1525 "https://lastdance.com.tr/chat" "Mozilla/5.0 (Macintosh; Intel Mac OS X 10_15_7) AppleWebKit/537.36 (KHTML, like Gecko) Chrome/119.0.0.0 Safari/537.36"
162.158.110.214 - - [27/Sep/2024:06:29:50 +0000] "GET /css/player_setting.css HTTP/1.1" 200 3091 "https://lastdance.com.tr/chat" "Mozilla/5.0 (Macintosh; Intel Mac OS X 10_15_7) AppleWebKit/537.36 (KHTML, like Gecko) Chrome/119.0.0.0 Safari/537.36"
162.158.95.208 - - [27/Sep/2024:06:29:50 +0000] "GET /css/profile.css HTTP/1.1" 200 1716 "https://lastdance.com.tr/chat" "Mozilla/5.0 (Macintosh; Intel Mac OS X 10_15_7) AppleWebKit/537.36 (KHTML, like Gecko) Chrome/119.0.0.0 Safari/537.36"
172.70.246.90 - - [27/Sep/2024:06:29:50 +0000] "GET /css/home_page.css HTTP/1.1" 200 2147 "https://lastdance.com.tr/chat" "Mozilla/5.0 (Macintosh; Intel Mac OS X 10_15_7) AppleWebKit/537.36 (KHTML, like Gecko) Chrome/119.0.0.0 Safari/537.36"
162.158.87.220 - - [27/Sep/2024:06:29:50 +0000] "GET /css/login.css HTTP/1.1" 200 1765 "https://lastdance.com.tr/chat" "Mozilla/5.0 (Macintosh; Intel Mac OS X 10_15_7) AppleWebKit/537.36 (KHTML, like Gecko) Chrome/119.0.0.0 Safari/537.36"
162.158.87.220 - - [27/Sep/2024:06:29:50 +0000] "GET /css/tournament.css HTTP/1.1" 200 2436 "https://lastdance.com.tr/chat" "Mozilla/5.0 (Macintosh; Intel Mac OS X 10_15_7) AppleWebKit/537.36 (KHTML, like Gecko) Chrome/119.0.0.0 Safari/537.36"
162.158.95.208 - - [27/Sep/2024:06:29:50 +0000] "GET /css/tournament_bracket.css HTTP/1.1" 200 3066 "https://lastdance.com.tr/chat" "Mozilla/5.0 (Macintosh; Intel Mac OS X 10_15_7) AppleWebKit/537.36 (KHTML, like Gecko) Chrome/119.0.0.0 Safari/537.36"
162.158.87.220 - - [27/Sep/2024:06:29:50 +0000] "GET /css/chat.css HTTP/1.1" 200 4138 "https://lastdance.com.tr/chat" "Mozilla/5.0 (Macintosh; Intel Mac OS X 10_15_7) AppleWebKit/537.36 (KHTML, like Gecko) Chrome/119.0.0.0 Safari/537.36"
162.158.110.215 - - [27/Sep/2024:06:29:50 +0000] "GET /css/main.css HTTP/1.1" 200 5856 "https://lastdance.com.tr/chat" "Mozilla/5.0 (Macintosh; Intel Mac OS X 10_15_7) AppleWebKit/537.36 (KHTML, like Gecko) Chrome/119.0.0.0 Safari/537.36"
172.70.250.43 - - [27/Sep/2024:06:29:50 +0000] "GET /js/home_page.js HTTP/1.1" 200 926 "https://lastdance.com.tr/chat" "Mozilla/5.0 (Macintosh; Intel Mac OS X 10_15_7) AppleWebKit/537.36 (KHTML, like Gecko) Chrome/119.0.0.0 Safari/537.36"
